// Jest Snapshot v1, https://goo.gl/fbAQLP

exports[`render MainPage component 1`] = `ShallowWrapper {}`;
